
> vtu-web@0.0.0 build
> vite build

[36mvite v7.1.3 [32mbuilding for production...[36m[39m
transforming...
node.exe : Browserslist: browsers data (caniuse-lite) is 7 months old. Please 
run:
At C:\Program Files\nodejs\npm.ps1:29 char:3
+   & $NODE_EXE $NPM_CLI_JS $args
+   ~~~~~~~~~~~~~~~~~~~~~~~~~~~~~
    + CategoryInfo          : NotSpecified: (Browserslist: b...ld. Please run: 
   :String) [], RemoteException
    + FullyQualifiedErrorId : NativeCommandError
 
  npx update-browserslist-db@latest
  Why you should do it regularly: 
https://github.com/browserslist/update-db#readme
[32mΓ£ô[39m 1855 modules transformed.
rendering chunks...
computing gzip size...
[2mdist/[22m[32mindex.html                              [39m[1m[2m    0.72 kB[22m[1m[22m[2m Γöé gzip:   0.38 kB[22m
[2mdist/[22m[32massets/9mobile-DtN6gDWz.png             [39m[1m[2m  207.64 kB[22m[1m[22m
[2mdist/[22m[32massets/mtn-CEFZCaLa.png                 [39m[1m[2m  233.28 kB[22m[1m[22m
[2mdist/[22m[32massets/airtel-BPKDKO6G.png              [39m[1m[2m  242.61 kB[22m[1m[22m
[2mdist/[22m[32massets/glo-BSGah04a.png                 [39m[1m[2m  255.17 kB[22m[1m[22m
[2mdist/[22m[32massets/DT_logo_tranparent-BFa635w9.png  [39m[1m[2m1,378.42 kB[22m[1m[22m
[2mdist/[22m[35massets/index-DyG6yioa.css               [39m[1m[2m   47.76 kB[22m[1m[22m[2m Γöé gzip:   8.68 kB[22m
[2mdist/[22m[36massets/index-B_9eRz4d.js                [39m[1m[2m  442.81 kB[22m[1m[22m[2m Γöé gzip: 136.72 kB[22m
[32mΓ£ô built in 17.66s[39m
